// Jest Snapshot v1, https://goo.gl/fbAQLP

exports[`Form should render the form 1`] = `
<form
  className="form-inline justify-content-center mt-3"
>
  <div
    className="form-group col-sm-8"
  >
    <input
      className="form-control w-100"
      id="inputText"
      placeholder="Tweet"
      type="text"
    />
  </div>
  <div
    className="form-group col-sm-4"
  >
    <Button
      text="Tweet"
    />
  </div>
</form>
`;
